// Jest Snapshot v1, https://goo.gl/fbAQLP

exports[`BeanList renders correctly 1`] = `
<div
  className="beanList"
>
  <header>
    <h1>
      Search your beans!
    </h1>
    <input
      onChange={[Function]}
      placeholder="Search"
      type="text"
      value=""
    />
  </header>
  <div>
    <BeanCard
      description="Dark roast"
      id="1"
      name="Sumatra"
      region="Indonesia"
      thumbnail="https://goo.gl/vxTdPV"
    />
    <BeanCard
      description="Dark roast"
      id="2"
      name="Costa Rica"
      region="Costa Rica"
      thumbnail="https://goo.gl/TXRMV5"
    />
    <BeanCard
      description="Light roast"
      id="3"
      name="Song bird"
      region="Nicaraguan"
      thumbnail="https://goo.gl/vKVnG7"
    />
    <BeanCard
      description="Light roast"
      id="4"
      name="Panama Gesha Perci Red"
      region="Silla Del Pando, Volcan, Panama."
      thumbnail="https://images-na.ssl-images-amazon.com/images/I/41AExHYKm1L.jpg"
    />
    <BeanCard
      description="Medium-light roast"
      id="5"
      name="Ironclad"
      region="Gutemala"
      thumbnail="http://dlo9n43mpvj20faa12i3i3lh.wpengine.netdna-cdn.com/wp-content/uploads/2017/09/IMG_4231-1024x1024.jpg"
    />
    <BeanCard
      description="Dark roast"
      id="6"
      name="Dreamland blend"
      region="Magnolia"
      thumbnail="http://dlo9n43mpvj20faa12i3i3lh.wpengine.netdna-cdn.com/wp-content/uploads/2017/08/Magnolia-Dreamlands-Blend.jpg"
    />
  </div>
</div>
`;
